label1                          = $8000 ; addr, local, , main, , main.asm:15
label2                          = $8001 ; addr, local, , main, , main.asm:18
_locala                         = $8003 ; addr, local, , main, , main.asm:20
_localb                         = $8005 ; addr, local, , main, , main.asm:22
label3                          = $8006 ; addr, local, , main, , main.asm:25
label4                          = $8006 ; addr, local, , main, , main.asm:27
label4_1                        = $8006 ; addr, local, , main, , main.asm:30
label6                          = $8006 ; addr, local, , main, , main.asm:37
_local                          = $8007 ; addr, local, , main, , main.asm:39
data                            = $8008 ; addr, local, , main, , main.asm:45
fa_label1                       = $800C ; addr, local, , main, , filea.asm:2
fa_label2                       = $800D ; addr, local, , main, , filea.asm:6
fa_label3_mid                   = $800E ; addr, local, , main, , filea.asm:9
fab_label1                      = $800F ; addr, local, , main, , filea_b.asm:3
fab_label2                      = $8010 ; addr, local, , main, , filea_b.asm:7
global_label1                   = $8011 ; addr, local, , main, , filea_b.asm:10
global_label2                   = $8012 ; addr, local, , main, , filea_b.asm:12
fab_label3                      = $8013 ; addr, local, , main, , filea_b.asm:16
fa_label3                       = $8014 ; addr, local, , main, , filea.asm:15
__head                          = $8000 ; const, public, def, , ,
__tail                          = $8015 ; const, public, def, , ,
__size                          = $0015 ; const, public, def, , ,
