__C_LINE_0_factorial_2ec        = $0000 ; addr, local, , factorial_c, , factorial.c:0
__C_LINE_0_factorial_2eh        = $0000 ; addr, local, , factorial_c, , factorial.h:0
__C_LINE_0_fibonacci_2ec        = $0000 ; addr, local, , fibonacci_c, , fibonacci.c:0
__C_LINE_0_fibonacci_2eh        = $0000 ; addr, local, , fibonacci_c, , fibonacci.h:0
__C_LINE_10_factorial_2ec_3a_3afactorial_3a_3a2_3a_3a2 = $140017 ; addr, local, , factorial_c, PAGE_20_CODE, factorial.c::factorial::2::2:10
__C_LINE_10_fibonacci_2ec_3a_3afibonacci_3a_3a2_3a_3a2 = $160017 ; addr, local, , fibonacci_c, PAGE_22_CODE, fibonacci.c::fibonacci::2::2:10
__C_LINE_11_factorial_2ec_3a_3afactorial_3a_3a1_3a_3a2 = $140017 ; addr, local, , factorial_c, PAGE_20_CODE, factorial.c::factorial::1::2:11
__C_LINE_11_fibonacci_2ec_3a_3afibonacci_3a_3a1_3a_3a2 = $160017 ; addr, local, , fibonacci_c, PAGE_22_CODE, fibonacci.c::fibonacci::1::2:11
__C_LINE_1_factorial_2ec        = $0000 ; addr, local, , factorial_c, , factorial.c:1
__C_LINE_1_fibonacci_2ec        = $0000 ; addr, local, , fibonacci_c, , fibonacci.c:1
__C_LINE_2__2ftmp_2ftmpXKL1EQin_2ei = $0000 ; addr, local, , fibonacci_c, , /tmp/tmpXKL1EQin.i:2
__C_LINE_2__2ftmp_2ftmpbJbVBzxj_2ei = $0000 ; addr, local, , factorial_c, , /tmp/tmpbJbVBzxj.i:2
__C_LINE_2_factorial_2ec        = $0000 ; addr, local, , factorial_c, , factorial.c:2
__C_LINE_2_fibonacci_2ec        = $0000 ; addr, local, , fibonacci_c, , fibonacci.c:2
__C_LINE_3_factorial_2ec        = $0000 ; addr, local, , factorial_c, , factorial.c:3
__C_LINE_3_fibonacci_2ec        = $0000 ; addr, local, , fibonacci_c, , fibonacci.c:3
__C_LINE_4_factorial_2eh        = $0000 ; addr, local, , factorial_c, , factorial.h:4
__C_LINE_4_fibonacci_2eh        = $0000 ; addr, local, , fibonacci_c, , fibonacci.h:4
__C_LINE_5_factorial_2ec        = $0000 ; addr, local, , factorial_c, , factorial.c:5
__C_LINE_5_fibonacci_2ec        = $0000 ; addr, local, , fibonacci_c, , fibonacci.c:5
__C_LINE_6_factorial_2ec_3a_3afactorial_3a_3a0_3a_3a0 = $140000 ; addr, local, , factorial_c, PAGE_20_CODE, factorial.c::factorial::0::0:6
__C_LINE_6_fibonacci_2ec_3a_3afibonacci_3a_3a0_3a_3a0 = $160000 ; addr, local, , fibonacci_c, PAGE_22_CODE, fibonacci.c::fibonacci::0::0:6
__C_LINE_7_factorial_2ec_3a_3afactorial_3a_3a1_3a_3a1 = $140003 ; addr, local, , factorial_c, PAGE_20_CODE, factorial.c::factorial::1::1:7
__C_LINE_7_factorial_2eh        = $0000 ; addr, local, , factorial_c, , factorial.h:7
__C_LINE_7_fibonacci_2ec_3a_3afibonacci_3a_3a1_3a_3a1 = $160003 ; addr, local, , fibonacci_c, PAGE_22_CODE, fibonacci.c::fibonacci::1::1:7
__C_LINE_7_fibonacci_2eh        = $0000 ; addr, local, , fibonacci_c, , fibonacci.h:7
__C_LINE_8_factorial_2ec_3a_3afactorial_3a_3a1_3a_3a1 = $140010 ; addr, local, , factorial_c, PAGE_20_CODE, factorial.c::factorial::1::1:8
__C_LINE_8_fibonacci_2ec_3a_3afibonacci_3a_3a1_3a_3a1 = $160010 ; addr, local, , fibonacci_c, PAGE_22_CODE, fibonacci.c::fibonacci::1::1:8
__C_LINE_9_factorial_2ec_3a_3afactorial_3a_3a2_3a_3a2 = $140010 ; addr, local, , factorial_c, PAGE_20_CODE, factorial.c::factorial::2::2:9
__C_LINE_9_fibonacci_2ec_3a_3afibonacci_3a_3a2_3a_3a2 = $160010 ; addr, local, , fibonacci_c, PAGE_22_CODE, fibonacci.c::fibonacci::2::2:9
_factorial                      = $140000 ; addr, public, , factorial_c, PAGE_20_CODE, factorial.c::factorial::0::0:6
_fibonacci                      = $160000 ; addr, public, , fibonacci_c, PAGE_22_CODE, fibonacci.c::fibonacci::0::0:6
i_2                             = $140017 ; addr, local, , factorial_c, PAGE_20_CODE, factorial.c::factorial::1::2:11
i_2                             = $160017 ; addr, local, , fibonacci_c, PAGE_22_CODE, fibonacci.c::fibonacci::1::2:11
