__head                          = $8000 ; const, public, def, , ,
__tail                          = $8030 ; const, public, def, , ,
__size                          = $0030 ; const, public, def, , ,
_main                           = $8000 ; addr, public, , main_c, code_compiler, main.c::x::0::0:5
_result                         = $8020 ; addr, public, , main_c, bss_compiler, main.c::x::10000::1:10
_util_add                       = $8014 ; addr, public, , util, code_user, util.asm:4
util_local                      = $8018 ; addr, local, , util, code_user, util.asm:8
l_mult                          = $801A ; addr, public, , l_mult, code_l, /opt/z88dk/libsrc/l_mult.asm:10
bank5_data                      = $0AE010 ; addr, local, , util, BANK_5, util.asm:13
_factorial                      = $14C000 ; addr, public, , factorial_c, PAGE_20_CODE, factorial.c::x::0::0:3
__PAGE_20_CODE_tail             = $14C020 ; addr, public, , , PAGE_20_CODE,
MAX_VALUE                       = $0064 ; const, local, , main_c, code_compiler, main.c:1
__C_LINE_5_main_2ec_3a_3ax_3a_3a0_3a_3a0 = $8000 ; addr, local, , main_c, code_compiler, main.c::x::0::0	:5
__C_LINE_4_main_2ec_3a_3ax_3a_3a0_3a_3a0 = $8000 ; addr, local, , main_c, code_compiler, main.c::x::0::0	:4
__C_LINE_6_main_2ec_3a_3ax_3a_3a10000_3a_3a1 = $8003 ; addr, local, , main_c, code_compiler, main.c::x::10000::1	:6
__C_LINE_7_main_2ec_3a_3ax_3a_3a10000_3a_3a1 = $800B ; addr, local, , main_c, code_compiler, main.c::x::10000::1	:7
__C_LINE_8_main_2ec_3a_3ax_3a_3a10000_3a_3a1 = $8011 ; addr, local, , main_c, code_compiler, main.c::x::10000::1	:8
__CDBINFO__F_3a_47_24main_24_30_5f_30_24_30_28_7b_32_7d_44_46_2c_53_49_3a_53_29_2c_5a_2c_30_2c_30_2c_30_2c_30_2c_30 = $0001 ; const, public, , main_c, , main.c:9
__ASM_LINE_4_util_2easm         = $8014 ; addr, local, , util, code_user, util.asm:4
__ASM_LINE_8_util_2easm         = $8018 ; addr, local, , util, code_user, util.asm:8
__ASM_LINE_13_util_2easm        = $0AE010 ; addr, local, , util, BANK_5, util.asm:13
__C_LINE_3_factorial_2ec_3a_3ax_3a_3a0_3a_3a0 = $14C000 ; addr, local, , factorial_c, PAGE_20_CODE, factorial.c::x::0::0	:3
__C_LINE_4_factorial_2ec_3a_3ax_3a_3a10000_3a_3a1 = $14C004 ; addr, local, , factorial_c, PAGE_20_CODE, factorial.c::x::10000::1	:4
__C_LINE_5_factorial_2ec_3a_3ax_3a_3a10000_3a_3a1 = $14C00A ; addr, local, , factorial_c, PAGE_20_CODE, factorial.c::x::10000::1	:5
__C_LINE_6_factorial_2ec_3a_3ax_3a_3a10000_3a_3a1 = $14C00F ; addr, local, , factorial_c, PAGE_20_CODE, factorial.c::x::10000::1	:6
