print_string_address            = $203C ; const, local, , currah_uspeech_tests, , constants.inc:4
print_number_address            = $1A1B ; const, local, , currah_uspeech_tests, , constants.inc:5
AT                              = $0016 ; const, local, , currah_uspeech_tests, , constants.inc:6
INK                             = $0010 ; const, local, , currah_uspeech_tests, , constants.inc:7
PAPER                           = $0011 ; const, local, , currah_uspeech_tests, , constants.inc:8
SCREEN_COLOR                    = $5800 ; const, local, , currah_uspeech_tests, , constants.inc:11
SCREEN_COLOR_SIZE               = $0300 ; const, local, , currah_uspeech_tests, , constants.inc:12
SCREEN                          = $4000 ; const, local, , currah_uspeech_tests, , constants.inc:13
SCREEN_WIDTH_IN_BYTES           = $0020 ; const, local, , currah_uspeech_tests, , constants.inc:14
SCREEN_HEIGHT                   = $00C0 ; const, local, , currah_uspeech_tests, , constants.inc:15
SCREEN_SIZE                     = $1800 ; const, local, , currah_uspeech_tests, , constants.inc:16
TRANSPARENT                     = $0008 ; const, local, , currah_uspeech_tests, , constants.inc:17
BLACK                           = $0000 ; const, local, , currah_uspeech_tests, , constants.inc:20
RED                             = $0002 ; const, local, , currah_uspeech_tests, , constants.inc:22
YELLOW                          = $0006 ; const, local, , currah_uspeech_tests, , constants.inc:26
WHITE                           = $0007 ; const, local, , currah_uspeech_tests, , constants.inc:27
BRIGHT                          = $0040 ; const, local, , currah_uspeech_tests, , constants.inc:28
PORT_KEYB_54321                 = $F7FE ; const, local, , currah_uspeech_tests, , constants.inc:32
PORT_KEYB_67890                 = $EFFE ; const, local, , currah_uspeech_tests, , constants.inc:33
PORT_KEYB_BNMSHIFTSPACE         = $7FFE ; const, local, , currah_uspeech_tests, , constants.inc:34
CS_ROM_VALUE                    = $00F1 ; const, local, , currah_uspeech_tests, , constants.inc:39
CS_ROM_SIZE                     = $0800 ; const, local, , currah_uspeech_tests, , constants.inc:40
CS_ROM_VALUE_ADDRESS            = $0039 ; const, local, , currah_uspeech_tests, , constants.inc:41
main                            = $8000 ; addr, local, , currah_uspeech_tests, , ui.asm:10
test_screen_index               = $80DA ; addr, local, , currah_uspeech_tests, , ui.asm:227
ct_ui_first_table               = $800B ; addr, local, , currah_uspeech_tests, , ui.asm:22
screen_table                    = $80DD ; addr, local, , currah_uspeech_tests, , ui.asm:233
screen_table_ptr                = $80DB ; addr, local, , currah_uspeech_tests, , ui.asm:230
ct_ui_show_screen               = $8011 ; addr, local, , currah_uspeech_tests, , ui.asm:26
clear_screen                    = $80D0 ; addr, local, , currah_uspeech_tests, , ui.asm:217
print_string                    = $88A7 ; addr, local, , currah_uspeech_tests, , common.asm:194
fill_screen_with_color          = $80C7 ; addr, local, , currah_uspeech_tests, , ui.asm:211
ct_ui_loop                      = $8036 ; addr, local, , currah_uspeech_tests, , ui.asm:62
ct_wait_on_key_release          = $80B8 ; addr, local, , currah_uspeech_tests, , ui.asm:188
ct_wait_on_input                = $8039 ; addr, local, , currah_uspeech_tests, , ui.asm:67
ct_input                        = $8081 ; addr, local, , currah_uspeech_tests, , ui.asm:142
ct_start_y                      = $0003 ; const, local, , currah_uspeech_tests, , ui.asm:281
fill_memory                     = $80BF ; addr, local, , currah_uspeech_tests, , ui.asm:199
ct_call_test                    = $807D ; addr, local, , currah_uspeech_tests, , ui.asm:130
ct_input_bc                     = $8087 ; addr, local, , currah_uspeech_tests, , ui.asm:147
ct_input_l1                     = $8091 ; addr, local, , currah_uspeech_tests, , ui.asm:154
ct_input_l2                     = $80A6 ; addr, local, , currah_uspeech_tests, , ui.asm:169
currah_tests1_text              = $8127 ; addr, local, , currah_uspeech_tests, , ui.asm:280
currah_tests1_text_end          = $8243 ; addr, local, , currah_uspeech_tests, , ui.asm:315
ct_test_out_38                  = $847C ; addr, local, , currah_uspeech_tests, , tests1.asm:75
ct_test_in_38                   = $8486 ; addr, local, , currah_uspeech_tests, , tests1.asm:84
ct_mem_write_38                 = $848F ; addr, local, , currah_uspeech_tests, , tests1.asm:92
ct_mem_read_38                  = $8497 ; addr, local, , currah_uspeech_tests, , tests1.asm:100
ct_spectrum_mem_holes_test      = $849E ; addr, local, , currah_uspeech_tests, , tests1.asm:115
ct_aahh_with_3000               = $84DD ; addr, local, , currah_uspeech_tests, , tests1.asm:173
ct_aahh_with_3001               = $84F4 ; addr, local, , currah_uspeech_tests, , tests1.asm:196
ct_test_with_bit_6              = $84FC ; addr, local, , currah_uspeech_tests, , tests1.asm:206
ct_test_without_bit_6           = $8515 ; addr, local, , currah_uspeech_tests, , tests1.asm:232
currah_tests2_text              = $8243 ; addr, local, , currah_uspeech_tests, , ui.asm:317
currah_tests2_text_end          = $8369 ; addr, local, , currah_uspeech_tests, , ui.asm:342
ct_aahh_mirror                  = $8529 ; addr, local, , currah_uspeech_tests, , tests2.asm:32
ct_aahh_3000_mirror             = $859D ; addr, local, , currah_uspeech_tests, , tests2.asm:98
ct_aahh_3001_mirror             = $85CD ; addr, local, , currah_uspeech_tests, , tests2.asm:136
ct_aahh_at_2000                 = $8600 ; addr, local, , currah_uspeech_tests, , tests2.asm:172
ct_aahh_in_out                  = $8612 ; addr, local, , currah_uspeech_tests, , tests2.asm:183
ct_aahh_with_alt_3000_1_mem_write = $865E ; addr, local, , currah_uspeech_tests, , tests2.asm:251
ct_aahh_with_alt_3000_1_mem_read = $8664 ; addr, local, , currah_uspeech_tests, , tests2.asm:257
ct_aahh_with_alt_3000_1_out     = $866D ; addr, local, , currah_uspeech_tests, , tests2.asm:264
ct_aahh_with_alt_3000_1_in      = $8676 ; addr, local, , currah_uspeech_tests, , tests2.asm:271
ct_all_allophones               = $867F ; addr, local, , currah_uspeech_tests, , tests2.asm:284
currah_tests3_text              = $8369 ; addr, local, , currah_uspeech_tests, , ui.asm:344
currah_tests3_text_end          = $844B ; addr, local, , currah_uspeech_tests, , ui.asm:369
ct_test_busy_aa                 = $86AB ; addr, local, , currah_uspeech_tests, , tests3.asm:16
ct_test_busy_sh                 = $86EA ; addr, local, , currah_uspeech_tests, , tests3.asm:74
ct_test_busy_until_key          = $86F4 ; addr, local, , currah_uspeech_tests, , tests3.asm:85
ct_test_busy_time_measure_with_aa = $8786 ; addr, local, , currah_uspeech_tests, , tests3.asm:224
ct_test_busy_time_measure_with_jh = $878B ; addr, local, , currah_uspeech_tests, , tests3.asm:229
ct_start_x                      = $0002 ; const, local, , currah_uspeech_tests, , ui.asm:282
ct_currah_mirror_test           = $844B ; addr, local, , currah_uspeech_tests, , tests1.asm:33
ct_draw_mirror_bar              = $846C ; addr, local, , currah_uspeech_tests, , tests1.asm:59
ct_mirror_test_loop             = $845A ; addr, local, , currah_uspeech_tests, , tests1.asm:40
ct_mirror_test_l1               = $8463 ; addr, local, , currah_uspeech_tests, , tests1.asm:47
ct_mirror_bar_l1                = $8475 ; addr, local, , currah_uspeech_tests, , tests1.asm:65
ct_holes_test_loop              = $84AD ; addr, local, , currah_uspeech_tests, , tests1.asm:123
ct_holes_test_l1                = $84BB ; addr, local, , currah_uspeech_tests, , tests1.asm:135
ct_wait_on_sp0256               = $84C4 ; addr, local, , currah_uspeech_tests, , tests1.asm:147
read_1000h                      = $880C ; addr, local, , currah_uspeech_tests, , common.asm:24
ct_speak_aa_with_de             = $84D1 ; addr, local, , currah_uspeech_tests, , tests1.asm:161
write_300xh                     = $8816 ; addr, local, , currah_uspeech_tests, , common.asm:36
write_1000h                     = $8805 ; addr, local, , currah_uspeech_tests, , common.asm:14
set_read_write_defaults         = $8848 ; addr, local, , currah_uspeech_tests, , common.asm:96
address_3000h                   = $8801 ; addr, local, , currah_uspeech_tests, , common.asm:6
ct_aahh_with_intonation         = $84E3 ; addr, local, , currah_uspeech_tests, , tests1.asm:177
ct_aahh_with_de_l1              = $84E6 ; addr, local, , currah_uspeech_tests, , tests1.asm:180
ct_silence                      = $84EF ; addr, local, , currah_uspeech_tests, , tests1.asm:188
address_3001h                   = $8803 ; addr, local, , currah_uspeech_tests, , common.asm:7
ct_bit_6                        = $8503 ; addr, local, , currah_uspeech_tests, , tests1.asm:214
ct_bit_6_loop                   = $8506 ; addr, local, , currah_uspeech_tests, , tests1.asm:218
ct_speak_aa                     = $851C ; addr, local, , currah_uspeech_tests, , tests2.asm:18
address_1000h                   = $87FF ; addr, local, , currah_uspeech_tests, , common.asm:5
ct_aahh_mirror_shift            = $8541 ; addr, local, , currah_uspeech_tests, , tests2.asm:47
ct_aahh_mirror_l2               = $854B ; addr, local, , currah_uspeech_tests, , tests2.asm:55
ct_aahh_mirror_l3               = $8550 ; addr, local, , currah_uspeech_tests, , tests2.asm:59
text_aahh_mirror_address        = $856E ; addr, local, , currah_uspeech_tests, , tests2.asm:85
text_aahh_mirror_address_end    = $859D ; addr, local, , currah_uspeech_tests, , tests2.asm:90
print_hex_number                = $88B3 ; addr, local, , currah_uspeech_tests, , common.asm:203
turn_currah_on                  = $885E ; addr, local, , currah_uspeech_tests, , common.asm:111
ct_aahh_mirror_l1               = $8560 ; addr, local, , currah_uspeech_tests, , tests2.asm:70
ct_aahh_mirror_silence          = $8569 ; addr, local, , currah_uspeech_tests, , tests2.asm:78
ct_aahh_3000_mirror_shift       = $85B5 ; addr, local, , currah_uspeech_tests, , tests2.asm:112
ct_aahh_3000_mirror_l2          = $85BF ; addr, local, , currah_uspeech_tests, , tests2.asm:120
ct_aahh_3001_mirror_shift       = $85E7 ; addr, local, , currah_uspeech_tests, , tests2.asm:150
ct_aahh_3001_mirror_l2          = $85F2 ; addr, local, , currah_uspeech_tests, , tests2.asm:159
ct_aahh_in_out_loop             = $861E ; addr, local, , currah_uspeech_tests, , tests2.asm:190
ct_aahh_in_out_end              = $8630 ; addr, local, , currah_uspeech_tests, , tests2.asm:208
ct_aahh_with_alt_3000_1         = $8633 ; addr, local, , currah_uspeech_tests, , tests2.asm:217
ct_aahh_with_3000_1_l1          = $8639 ; addr, local, , currah_uspeech_tests, , tests2.asm:223
ct_aahh_with_3000_1_l2          = $863E ; addr, local, , currah_uspeech_tests, , tests2.asm:227
ct_aahh_with_3000_1_l3          = $864F ; addr, local, , currah_uspeech_tests, , tests2.asm:239
set_300xh_mem_read              = $8839 ; addr, local, , currah_uspeech_tests, , common.asm:80
set_300xh_out                   = $883E ; addr, local, , currah_uspeech_tests, , common.asm:84
set_300xh_in                    = $8843 ; addr, local, , currah_uspeech_tests, , common.asm:88
ct_all_allophones_loop          = $868D ; addr, local, , currah_uspeech_tests, , tests2.asm:297
ct_speak_a                      = $86A2 ; addr, local, , currah_uspeech_tests, , tests2.asm:322
ct_test_busy_self_modyfying     = $86E2 ; addr, local, , currah_uspeech_tests, , tests3.asm:60
ct_test_busy_allophone          = $86B2 ; addr, local, , currah_uspeech_tests, , tests3.asm:22
clear_left_and_bottom           = $88EA ; addr, local, , currah_uspeech_tests, , common.asm:242
display_hor_zero_markers        = $89A7 ; addr, local, , currah_uspeech_tests, , common.asm:417
display_hor_a_delay_value       = $89A5 ; addr, local, , currah_uspeech_tests, , common.asm:411
reset_display_hor_a             = $898F ; addr, local, , currah_uspeech_tests, , common.asm:398
ct_test_busy_aa_loop            = $86D1 ; addr, local, , currah_uspeech_tests, , tests3.asm:46
ct_test_busy_aa_end             = $86E7 ; addr, local, , currah_uspeech_tests, , tests3.asm:67
display_vert_a                  = $8872 ; addr, local, , currah_uspeech_tests, , common.asm:134
display_hor_a                   = $890C ; addr, local, , currah_uspeech_tests, , common.asm:277
ct_test_busy_time_measure       = $86FD ; addr, local, , currah_uspeech_tests, , tests3.asm:98
ct_test_busy_time_measure_used_allophone = $8785 ; addr, local, , currah_uspeech_tests, , tests3.asm:220
ct_test_busy_time_measure_wait1 = $8712 ; addr, local, , currah_uspeech_tests, , tests3.asm:111
ct_test_busy_time_measure_overflow1 = $872C ; addr, local, , currah_uspeech_tests, , tests3.asm:135
ct_test_busy_time_measure_wait2 = $8723 ; addr, local, , currah_uspeech_tests, , tests3.asm:128
TIME_MEASURE_LOOP_COUNT         = $0005 ; const, local, , currah_uspeech_tests, , tests3.asm:140
ct_test_busy_time_measure_loop  = $8730 ; addr, local, , currah_uspeech_tests, , tests3.asm:143
ct_test_busy_time_measure_wait3 = $8735 ; addr, local, , currah_uspeech_tests, , tests3.asm:149
ct_test_busy_time_measure_overflow2 = $873E ; addr, local, , currah_uspeech_tests, , tests3.asm:157
ct_test_busy_time_measure_wait4 = $8743 ; addr, local, , currah_uspeech_tests, , tests3.asm:165
text_duration3                  = $87DA ; addr, local, , currah_uspeech_tests, , tests3.asm:259
text_duration3_end              = $87FF ; addr, local, , currah_uspeech_tests, , tests3.asm:264
ct_test_busy_time_print_loop    = $8757 ; addr, local, , currah_uspeech_tests, , tests3.asm:181
print_10000_number              = $8790 ; addr, local, , currah_uspeech_tests, , tests3.asm:235
text_duration1                  = $879B ; addr, local, , currah_uspeech_tests, , tests3.asm:245
text_duration1_end              = $87D5 ; addr, local, , currah_uspeech_tests, , tests3.asm:252
text_duration2                  = $87D5 ; addr, local, , currah_uspeech_tests, , tests3.asm:254
text_duration2_end              = $87DA ; addr, local, , currah_uspeech_tests, , tests3.asm:257
print_number                    = $88AD ; addr, local, , currah_uspeech_tests, , common.asm:198
write_3000xh_self_modifying_code = $881E ; addr, local, , currah_uspeech_tests, , common.asm:46
write_300xh_mem_write           = $8825 ; addr, local, , currah_uspeech_tests, , common.asm:56
write_300xh_mem_read            = $8827 ; addr, local, , currah_uspeech_tests, , common.asm:60
write_300xh_out                 = $8829 ; addr, local, , currah_uspeech_tests, , common.asm:64
write_300xh_in                  = $882B ; addr, local, , currah_uspeech_tests, , common.asm:67
set_300xh_mem_write             = $882D ; addr, local, , currah_uspeech_tests, , common.asm:72
set_300xh                       = $8830 ; addr, local, , currah_uspeech_tests, , common.asm:74
turn_currah_off                 = $8868 ; addr, local, , currah_uspeech_tests, , common.asm:121
display_prev_val                = $88A6 ; addr, local, , currah_uspeech_tests, , common.asm:189
display_vert_a_end              = $88A2 ; addr, local, , currah_uspeech_tests, , common.asm:182
display_ptr                     = $88A4 ; addr, local, , currah_uspeech_tests, , common.asm:188
display_l1                      = $8893 ; addr, local, , currah_uspeech_tests, , common.asm:168
display_l2                      = $889E ; addr, local, , currah_uspeech_tests, , common.asm:178
DISPLAY_START_Y                 = $0011 ; const, local, , currah_uspeech_tests, , common.asm:186
print_hex_a                     = $88E0 ; addr, local, , currah_uspeech_tests, , common.asm:231
print_hex_number_l1             = $88E8 ; addr, local, , currah_uspeech_tests, , common.asm:236
clear_left_and_bottom_loop      = $88F7 ; addr, local, , currah_uspeech_tests, , common.asm:253
display_hor_a_value             = $89A6 ; addr, local, , currah_uspeech_tests, , common.asm:413
display_hor_a_counter           = $89A4 ; addr, local, , currah_uspeech_tests, , common.asm:410
display_hor_a_no_inc            = $8959 ; addr, local, , currah_uspeech_tests, , common.asm:345
display_hor_a_rotation          = $89A3 ; addr, local, , currah_uspeech_tests, , common.asm:409
display_hor_a_address           = $89A1 ; addr, local, , currah_uspeech_tests, , common.asm:408
sub_display_hor_values          = $8972 ; addr, local, , currah_uspeech_tests, , common.asm:364
display_hor_a_loop_ones         = $8975 ; addr, local, , currah_uspeech_tests, , common.asm:368
display_hor_a_l1                = $8980 ; addr, local, , currah_uspeech_tests, , common.asm:378
display_hor_a_l2                = $898B ; addr, local, , currah_uspeech_tests, , common.asm:389
__head                          = $8000 ; const, public, def, , ,
__tail                          = $89C6 ; const, public, def, , ,
__size                          = $09C6 ; const, public, def, , ,
